#-----------------------------------------------------------
# Vivado v2020.2 (64-bit)
# SW Build 3064766 on Wed Nov 18 09:12:45 MST 2020
# IP Build 3064653 on Wed Nov 18 14:17:31 MST 2020
# Start of session at: Tue Jul  6 15:53:49 2021
# Process ID: 22908
# Current directory: C:/Users/yongj/Desktop/softmc_ddr4/hw/boards/ML605/project_1/ddr4_0_ex
# Command line: vivado.exe -gui_launcher_event rodinguilauncherevent11216 C:\Users\yongj\Desktop\softmc_ddr4\hw\boards\ML605\project_1\ddr4_0_ex\ddr4_0_ex.xpr
# Log file: C:/Users/yongj/Desktop/softmc_ddr4/hw/boards/ML605/project_1/ddr4_0_ex/vivado.log
# Journal file: C:/Users/yongj/Desktop/softmc_ddr4/hw/boards/ML605/project_1/ddr4_0_ex\vivado.jou
#-----------------------------------------------------------
start_gui
open_project C:/Users/yongj/Desktop/softmc_ddr4/hw/boards/ML605/project_1/ddr4_0_ex/ddr4_0_ex.xpr
update_compile_order -fileset sources_1
launch_simulation
source sim_tb_top.tcl
current_wave_config {Untitled 1}
add_wave {{/sim_tb_top/\mem_model_x16.mem.iDDR4[0] }} 
restart
run all
run all
run all
