#-----------------------------------------------------------
# Vivado v2020.2 (64-bit)
# SW Build 3064766 on Wed Nov 18 09:12:45 MST 2020
# IP Build 3064653 on Wed Nov 18 14:17:31 MST 2020
# Start of session at: Wed Jun 30 11:08:14 2021
# Process ID: 19664
# Current directory: C:/Users/yongj/Desktop/softmc_ddr4/hw/boards/ML605/project_1
# Command line: vivado.exe -gui_launcher_event rodinguilauncherevent9824 C:\Users\yongj\Desktop\softmc_ddr4\hw\boards\ML605\project_1\project_1.xpr
# Log file: C:/Users/yongj/Desktop/softmc_ddr4/hw/boards/ML605/project_1/vivado.log
# Journal file: C:/Users/yongj/Desktop/softmc_ddr4/hw/boards/ML605/project_1\vivado.jou
#-----------------------------------------------------------
start_gui
open_project C:/Users/yongj/Desktop/softmc_ddr4/hw/boards/ML605/project_1/project_1.xpr
export_ip_user_files -of_objects  [get_files C:/Users/yongj/Desktop/softmc_ddr4/hw/boards/ML605/ipcore_dir/riffa/riffa_endpoint_128.v] -no_script -reset -force -quiet
remove_files  C:/Users/yongj/Desktop/softmc_ddr4/hw/boards/ML605/ipcore_dir/riffa/riffa_endpoint_128.v
export_ip_user_files -of_objects  [get_files C:/Users/yongj/Desktop/softmc_ddr4/hw/boards/ML605/ipcore_dir/riffa/riffa_endpoint_32.v] -no_script -reset -force -quiet
remove_files  C:/Users/yongj/Desktop/softmc_ddr4/hw/boards/ML605/ipcore_dir/riffa/riffa_endpoint_32.v
export_ip_user_files -of_objects  [get_files C:/Users/yongj/Desktop/softmc_ddr4/hw/boards/ML605/ipcore_dir/riffa/riffa_endpoint_64.v] -no_script -reset -force -quiet
remove_files  C:/Users/yongj/Desktop/softmc_ddr4/hw/boards/ML605/ipcore_dir/riffa/riffa_endpoint_64.v
delete_fileset [ get_filesets sim_2 ]
file delete -force C:/Users/yongj/Desktop/softmc_ddr4/hw/boards/ML605/project_1/project_1.srcs/sim_2
launch_simulation
source tb_softMC_top.tcl
relaunch_sim
close_sim
synth_design -rtl -rtl_skip_mlo -name rtl_1
