#-----------------------------------------------------------
# Vivado v2020.2 (64-bit)
# SW Build 3064766 on Wed Nov 18 09:12:45 MST 2020
# IP Build 3064653 on Wed Nov 18 14:17:31 MST 2020
# Start of session at: Sat Jul 24 14:13:17 2021
# Process ID: 28004
# Current directory: C:/Users/yongj/Desktop/softmc_ddr4/hw/boards/ML605/project_1
# Command line: vivado.exe -gui_launcher_event rodinguilauncherevent29504 C:\Users\yongj\Desktop\softmc_ddr4\hw\boards\ML605\project_1\project_1.xpr
# Log file: C:/Users/yongj/Desktop/softmc_ddr4/hw/boards/ML605/project_1/vivado.log
# Journal file: C:/Users/yongj/Desktop/softmc_ddr4/hw/boards/ML605/project_1\vivado.jou
#-----------------------------------------------------------
start_gui
open_project C:/Users/yongj/Desktop/softmc_ddr4/hw/boards/ML605/project_1/project_1.xpr
open_hw_manager
connect_hw_server -allow_non_jtag
open_hw_target
set_property PROGRAM.FILE {C:/Users/yongj/Desktop/softmc_ddr4/hw/boards/ML605/project_1/project_1.runs/impl_1/softMC_top.bit} [get_hw_devices xcvu095_0]
set_property PROBES.FILE {C:/Users/yongj/Desktop/softmc_ddr4/hw/boards/ML605/project_1/project_1.runs/impl_1/softMC_top.ltx} [get_hw_devices xcvu095_0]
set_property FULL_PROBES.FILE {C:/Users/yongj/Desktop/softmc_ddr4/hw/boards/ML605/project_1/project_1.runs/impl_1/softMC_top.ltx} [get_hw_devices xcvu095_0]
current_hw_device [get_hw_devices xcvu095_0]
refresh_hw_device [lindex [get_hw_devices xcvu095_0] 0]
set_property PROBES.FILE {C:/Users/yongj/Desktop/softmc_ddr4/hw/boards/ML605/project_1/project_1.runs/impl_1/softMC_top.ltx} [get_hw_devices xcvu095_0]
set_property FULL_PROBES.FILE {C:/Users/yongj/Desktop/softmc_ddr4/hw/boards/ML605/project_1/project_1.runs/impl_1/softMC_top.ltx} [get_hw_devices xcvu095_0]
set_property PROGRAM.FILE {C:/Users/yongj/Desktop/softmc_ddr4/hw/boards/ML605/project_1/project_1.runs/impl_1/softMC_top.bit} [get_hw_devices xcvu095_0]
program_hw_devices [get_hw_devices xcvu095_0]
refresh_hw_device [lindex [get_hw_devices xcvu095_0] 0]
set_property PROBES.FILE {C:/Users/yongj/Desktop/softmc_ddr4/hw/boards/ML605/project_1/project_1.runs/impl_1/softMC_top.ltx} [get_hw_devices xcvu095_0]
set_property FULL_PROBES.FILE {C:/Users/yongj/Desktop/softmc_ddr4/hw/boards/ML605/project_1/project_1.runs/impl_1/softMC_top.ltx} [get_hw_devices xcvu095_0]
set_property PROGRAM.FILE {C:/Users/yongj/Desktop/softmc_ddr4/hw/boards/ML605/project_1/project_1.runs/impl_1/softMC_top.bit} [get_hw_devices xcvu095_0]
program_hw_devices [get_hw_devices xcvu095_0]
refresh_hw_device [lindex [get_hw_devices xcvu095_0] 0]
