#-----------------------------------------------------------
# Vivado v2020.2 (64-bit)
# SW Build 3064766 on Wed Nov 18 09:12:45 MST 2020
# IP Build 3064653 on Wed Nov 18 14:17:31 MST 2020
# Start of session at: Mon Jul 19 17:31:58 2021
# Process ID: 16444
# Current directory: C:/Users/yongj/Desktop/softmc_ddr4/hw/boards/ML605/project_1
# Command line: vivado.exe -gui_launcher_event rodinguilauncherevent25308 C:\Users\yongj\Desktop\softmc_ddr4\hw\boards\ML605\project_1\project_1.xpr
# Log file: C:/Users/yongj/Desktop/softmc_ddr4/hw/boards/ML605/project_1/vivado.log
# Journal file: C:/Users/yongj/Desktop/softmc_ddr4/hw/boards/ML605/project_1\vivado.jou
#-----------------------------------------------------------
start_gui
open_project C:/Users/yongj/Desktop/softmc_ddr4/hw/boards/ML605/project_1/project_1.xpr
export_ip_user_files -of_objects  [get_files C:/Users/yongj/Desktop/softmc_ddr4/hw/boards/ML605/project_1/project_1.srcs/sources_1/ip/pcie3_ultrascale_0/pcie3_ultrascale_0.xci] -no_script -reset -force -quiet
remove_files  -fileset pcie3_ultrascale_0 C:/Users/yongj/Desktop/softmc_ddr4/hw/boards/ML605/project_1/project_1.srcs/sources_1/ip/pcie3_ultrascale_0/pcie3_ultrascale_0.xci
create_ip -name xdma -vendor xilinx.com -library ip -version 4.1 -module_name xdma_0
set_property -dict [list CONFIG.pl_link_cap_max_link_width {X8} CONFIG.axi_data_width {128_bit} CONFIG.axisten_freq {125} CONFIG.pf0_device_id {8018} CONFIG.xdma_axilite_slave {false} CONFIG.xdma_axi_intf_mm {AXI_Stream} CONFIG.PF0_DEVICE_ID_mqdma {9018} CONFIG.PF2_DEVICE_ID_mqdma {9018} CONFIG.PF3_DEVICE_ID_mqdma {9018}] [get_ips xdma_0]
generate_target {instantiation_template} [get_files c:/Users/yongj/Desktop/softmc_ddr4/hw/boards/ML605/project_1/project_1.srcs/sources_1/ip/xdma_0/xdma_0.xci]
generate_target all [get_files  c:/Users/yongj/Desktop/softmc_ddr4/hw/boards/ML605/project_1/project_1.srcs/sources_1/ip/xdma_0/xdma_0.xci]
catch { config_ip_cache -export [get_ips -all xdma_0] }
export_ip_user_files -of_objects [get_files c:/Users/yongj/Desktop/softmc_ddr4/hw/boards/ML605/project_1/project_1.srcs/sources_1/ip/xdma_0/xdma_0.xci] -no_script -sync -force -quiet
create_ip_run [get_files -of_objects [get_fileset sources_1] c:/Users/yongj/Desktop/softmc_ddr4/hw/boards/ML605/project_1/project_1.srcs/sources_1/ip/xdma_0/xdma_0.xci]
launch_runs xdma_0_synth_1 -jobs 6
wait_on_run xdma_0_synth_1
export_simulation -of_objects [get_files c:/Users/yongj/Desktop/softmc_ddr4/hw/boards/ML605/project_1/project_1.srcs/sources_1/ip/xdma_0/xdma_0.xci] -directory C:/Users/yongj/Desktop/softmc_ddr4/hw/boards/ML605/project_1/project_1.ip_user_files/sim_scripts -ip_user_files_dir C:/Users/yongj/Desktop/softmc_ddr4/hw/boards/ML605/project_1/project_1.ip_user_files -ipstatic_source_dir C:/Users/yongj/Desktop/softmc_ddr4/hw/boards/ML605/project_1/project_1.ip_user_files/ipstatic -lib_map_path [list {modelsim=C:/Users/yongj/Desktop/softmc_ddr4/hw/boards/ML605/project_1/project_1.cache/compile_simlib/modelsim} {questa=C:/Users/yongj/Desktop/softmc_ddr4/hw/boards/ML605/project_1/project_1.cache/compile_simlib/questa} {riviera=C:/Users/yongj/Desktop/softmc_ddr4/hw/boards/ML605/project_1/project_1.cache/compile_simlib/riviera} {activehdl=C:/Users/yongj/Desktop/softmc_ddr4/hw/boards/ML605/project_1/project_1.cache/compile_simlib/activehdl}] -use_ip_compiled_libs -force -quiet
