#-----------------------------------------------------------
# Vivado v2020.2 (64-bit)
# SW Build 3064766 on Wed Nov 18 09:12:45 MST 2020
# IP Build 3064653 on Wed Nov 18 14:17:31 MST 2020
# Start of session at: Mon Jul 12 19:12:30 2021
# Process ID: 21860
# Current directory: C:/Users/yongj/Desktop/SoftMC-DDR4-main_backup/SoftMC-DDR4-main/hw/boards/ML605/project_1
# Command line: vivado.exe -gui_launcher_event rodinguilauncherevent11344 C:\Users\yongj\Desktop\SoftMC-DDR4-main_backup\SoftMC-DDR4-main\hw\boards\ML605\project_1\project_1.xpr
# Log file: C:/Users/yongj/Desktop/SoftMC-DDR4-main_backup/SoftMC-DDR4-main/hw/boards/ML605/project_1/vivado.log
# Journal file: C:/Users/yongj/Desktop/SoftMC-DDR4-main_backup/SoftMC-DDR4-main/hw/boards/ML605/project_1\vivado.jou
#-----------------------------------------------------------
start_gui
open_project C:/Users/yongj/Desktop/SoftMC-DDR4-main_backup/SoftMC-DDR4-main/hw/boards/ML605/project_1/project_1.xpr
launch_simulation
source tb_softMC_top.tcl
run all
current_wave_config {Untitled 1}
add_wave {{/tb_softMC_top/uut/u_ddr4_0}} 
run all
close_sim
