#-----------------------------------------------------------
# Vivado v2020.2 (64-bit)
# SW Build 3064766 on Wed Nov 18 09:12:45 MST 2020
# IP Build 3064653 on Wed Nov 18 14:17:31 MST 2020
# Start of session at: Sat Jul 24 16:30:03 2021
# Process ID: 14468
# Current directory: C:/Users/yongj/Desktop/softmc_ddr4/hw/boards/ML605/project_1
# Command line: vivado.exe -gui_launcher_event rodinguilauncherevent28340 C:\Users\yongj\Desktop\softmc_ddr4\hw\boards\ML605\project_1\project_1.xpr
# Log file: C:/Users/yongj/Desktop/softmc_ddr4/hw/boards/ML605/project_1/vivado.log
# Journal file: C:/Users/yongj/Desktop/softmc_ddr4/hw/boards/ML605/project_1\vivado.jou
#-----------------------------------------------------------
start_gui
open_project C:/Users/yongj/Desktop/softmc_ddr4/hw/boards/ML605/project_1/project_1.xpr
set_property -dict [list CONFIG.C0.DDR4_CLKFBOUT_MULT {8} CONFIG.C0.DDR4_CLKOUT0_DIVIDE {3}] [get_ips ddr4_0]
generate_target all [get_files  C:/Users/yongj/Desktop/softmc_ddr4/hw/boards/ML605/project_1/project_1.srcs/sources_1/ip/ddr4_0_2/ddr4_0.xci]
catch { config_ip_cache -export [get_ips -all ddr4_0] }
export_ip_user_files -of_objects [get_files C:/Users/yongj/Desktop/softmc_ddr4/hw/boards/ML605/project_1/project_1.srcs/sources_1/ip/ddr4_0_2/ddr4_0.xci] -no_script -sync -force -quiet
launch_runs ddr4_0_synth_1 -jobs 8
wait_on_run ddr4_0_synth_1
export_simulation -of_objects [get_files C:/Users/yongj/Desktop/softmc_ddr4/hw/boards/ML605/project_1/project_1.srcs/sources_1/ip/ddr4_0_2/ddr4_0.xci] -directory C:/Users/yongj/Desktop/softmc_ddr4/hw/boards/ML605/project_1/project_1.ip_user_files/sim_scripts -ip_user_files_dir C:/Users/yongj/Desktop/softmc_ddr4/hw/boards/ML605/project_1/project_1.ip_user_files -ipstatic_source_dir C:/Users/yongj/Desktop/softmc_ddr4/hw/boards/ML605/project_1/project_1.ip_user_files/ipstatic -lib_map_path [list {modelsim=C:/Users/yongj/Desktop/softmc_ddr4/hw/boards/ML605/project_1/project_1.cache/compile_simlib/modelsim} {questa=C:/Users/yongj/Desktop/softmc_ddr4/hw/boards/ML605/project_1/project_1.cache/compile_simlib/questa} {riviera=C:/Users/yongj/Desktop/softmc_ddr4/hw/boards/ML605/project_1/project_1.cache/compile_simlib/riviera} {activehdl=C:/Users/yongj/Desktop/softmc_ddr4/hw/boards/ML605/project_1/project_1.cache/compile_simlib/activehdl}] -use_ip_compiled_libs -force -quiet
launch_runs impl_1 -to_step write_bitstream -jobs 8
wait_on_run impl_1
open_hw_manager
connect_hw_server -allow_non_jtag
open_hw_target
set_property PROGRAM.FILE {C:/Users/yongj/Desktop/softmc_ddr4/hw/boards/ML605/project_1/project_1.runs/impl_1/softMC_top.bit} [get_hw_devices xcvu095_0]
set_property PROBES.FILE {C:/Users/yongj/Desktop/softmc_ddr4/hw/boards/ML605/project_1/project_1.runs/impl_1/softMC_top.ltx} [get_hw_devices xcvu095_0]
set_property FULL_PROBES.FILE {C:/Users/yongj/Desktop/softmc_ddr4/hw/boards/ML605/project_1/project_1.runs/impl_1/softMC_top.ltx} [get_hw_devices xcvu095_0]
current_hw_device [get_hw_devices xcvu095_0]
refresh_hw_device [lindex [get_hw_devices xcvu095_0] 0]
set_property PROBES.FILE {C:/Users/yongj/Desktop/softmc_ddr4/hw/boards/ML605/project_1/project_1.runs/impl_1/softMC_top.ltx} [get_hw_devices xcvu095_0]
set_property FULL_PROBES.FILE {C:/Users/yongj/Desktop/softmc_ddr4/hw/boards/ML605/project_1/project_1.runs/impl_1/softMC_top.ltx} [get_hw_devices xcvu095_0]
set_property PROGRAM.FILE {C:/Users/yongj/Desktop/softmc_ddr4/hw/boards/ML605/project_1/project_1.runs/impl_1/softMC_top.bit} [get_hw_devices xcvu095_0]
program_hw_devices [get_hw_devices xcvu095_0]
refresh_hw_device [lindex [get_hw_devices xcvu095_0] 0]
close_hw_manager
open_hw_manager
connect_hw_server -allow_non_jtag
open_hw_target
set_property PROGRAM.FILE {C:/Users/yongj/Desktop/softmc_ddr4/hw/boards/ML605/project_1/project_1.runs/impl_1/softMC_top.bit} [get_hw_devices xcvu095_0]
set_property PROBES.FILE {C:/Users/yongj/Desktop/softmc_ddr4/hw/boards/ML605/project_1/project_1.runs/impl_1/softMC_top.ltx} [get_hw_devices xcvu095_0]
set_property FULL_PROBES.FILE {C:/Users/yongj/Desktop/softmc_ddr4/hw/boards/ML605/project_1/project_1.runs/impl_1/softMC_top.ltx} [get_hw_devices xcvu095_0]
current_hw_device [get_hw_devices xcvu095_0]
refresh_hw_device [lindex [get_hw_devices xcvu095_0] 0]
get_hw_migs
report_property [lindex [get_hw_migs] x]
refresh_hw_mig [lindex [get_hw_migs] x]
refresh_hw_mig [lindex [get_hw_migs] 00000000000000]
close_hw_target {localhost:3121/xilinx_tcf/Xilinx/00000000000000}
refresh_hw_server {localhost:3121}
disconnect_hw_server localhost:3121
connect_hw_server -allow_non_jtag
open_hw_target
set_property PROGRAM.FILE {C:/Users/yongj/Desktop/softmc_ddr4/hw/boards/ML605/project_1/project_1.runs/impl_1/softMC_top.bit} [get_hw_devices xcvu095_0]
set_property PROBES.FILE {C:/Users/yongj/Desktop/softmc_ddr4/hw/boards/ML605/project_1/project_1.runs/impl_1/softMC_top.ltx} [get_hw_devices xcvu095_0]
set_property FULL_PROBES.FILE {C:/Users/yongj/Desktop/softmc_ddr4/hw/boards/ML605/project_1/project_1.runs/impl_1/softMC_top.ltx} [get_hw_devices xcvu095_0]
current_hw_device [get_hw_devices xcvu095_0]
refresh_hw_device [lindex [get_hw_devices xcvu095_0] 0]
refresh_hw_target {localhost:3121/xilinx_tcf/Xilinx/00000000000000}
refresh_hw_target {localhost:3121/xilinx_tcf/Xilinx/00000000000000}
close_hw_target {localhost:3121/xilinx_tcf/Xilinx/00000000000000}
refresh_hw_server {localhost:3121}
disconnect_hw_server localhost:3121
connect_hw_server -allow_non_jtag
open_hw_target
set_property PROGRAM.FILE {C:/Users/yongj/Desktop/softmc_ddr4/hw/boards/ML605/project_1/project_1.runs/impl_1/softMC_top.bit} [get_hw_devices xcvu095_0]
set_property PROBES.FILE {C:/Users/yongj/Desktop/softmc_ddr4/hw/boards/ML605/project_1/project_1.runs/impl_1/softMC_top.ltx} [get_hw_devices xcvu095_0]
set_property FULL_PROBES.FILE {C:/Users/yongj/Desktop/softmc_ddr4/hw/boards/ML605/project_1/project_1.runs/impl_1/softMC_top.ltx} [get_hw_devices xcvu095_0]
current_hw_device [get_hw_devices xcvu095_0]
refresh_hw_device [lindex [get_hw_devices xcvu095_0] 0]
set_property EFUSE_TEST_MODE 1 [get_hw_servers localhost:3121]
set_property EFUSE_TEST_MODE 0 [get_hw_servers localhost:3121]
set_property EFUSE_TEST_MODE 1 [get_hw_servers localhost:3121]
set_property EFUSE_TEST_MODE 0 [get_hw_servers localhost:3121]
set_property EFUSE_TEST_MODE 1 [get_hw_servers localhost:3121]
close_hw_target {localhost:3121/xilinx_tcf/Xilinx/00000000000000}
refresh_hw_server {localhost:3121}
disconnect_hw_server localhost:3121
connect_hw_server -allow_non_jtag
open_hw_target
set_property PROGRAM.FILE {C:/Users/yongj/Desktop/softmc_ddr4/hw/boards/ML605/project_1/project_1.runs/impl_1/softMC_top.bit} [get_hw_devices xcvu095_0]
set_property PROBES.FILE {C:/Users/yongj/Desktop/softmc_ddr4/hw/boards/ML605/project_1/project_1.runs/impl_1/softMC_top.ltx} [get_hw_devices xcvu095_0]
set_property FULL_PROBES.FILE {C:/Users/yongj/Desktop/softmc_ddr4/hw/boards/ML605/project_1/project_1.runs/impl_1/softMC_top.ltx} [get_hw_devices xcvu095_0]
current_hw_device [get_hw_devices xcvu095_0]
refresh_hw_device [lindex [get_hw_devices xcvu095_0] 0]
set_property EFUSE_TEST_MODE 0 [get_hw_servers localhost:3121]
reset_run synth_1
launch_runs impl_1 -to_step write_bitstream -jobs 8
wait_on_run impl_1
close_hw_manager
open_hw_manager
connect_hw_server -allow_non_jtag
open_hw_target
current_hw_device [get_hw_devices xcvu095_0]
refresh_hw_device -update_hw_probes false [lindex [get_hw_devices xcvu095_0] 0]
close_hw_manager
open_example_project -force -dir C:/Users/yongj/Desktop/xusps3_test [get_ips  ddr4_0]
open_hw_manager
connect_hw_server -allow_non_jtag
open_hw_target
set_property PROGRAM.FILE {C:/Users/yongj/Desktop/softmc_ddr4/hw/boards/ML605/project_1/project_1.runs/impl_1/softMC_top.bit} [get_hw_devices xcvu095_0]
set_property PROBES.FILE {C:/Users/yongj/Desktop/softmc_ddr4/hw/boards/ML605/project_1/project_1.runs/impl_1/softMC_top.ltx} [get_hw_devices xcvu095_0]
set_property FULL_PROBES.FILE {C:/Users/yongj/Desktop/softmc_ddr4/hw/boards/ML605/project_1/project_1.runs/impl_1/softMC_top.ltx} [get_hw_devices xcvu095_0]
current_hw_device [get_hw_devices xcvu095_0]
refresh_hw_device [lindex [get_hw_devices xcvu095_0] 0]
reset_run synth_1
launch_runs impl_1 -to_step write_bitstream -jobs 8
wait_on_run impl_1
close_hw_manager
reset_run impl_1
reset_run synth_1
launch_runs impl_1 -to_step write_bitstream -jobs 8
wait_on_run impl_1
launch_simulation
reset_run impl_1
launch_simulation
launch_simulation
reset_run synth_1
launch_runs impl_1 -to_step write_bitstream -jobs 8
wait_on_run impl_1
open_hw_manager
connect_hw_server -allow_non_jtag
open_hw_target
set_property PROGRAM.FILE {C:/Users/yongj/Desktop/softmc_ddr4/hw/boards/ML605/project_1/project_1.runs/impl_1/softMC_top.bit} [get_hw_devices xcvu095_0]
set_property PROBES.FILE {C:/Users/yongj/Desktop/softmc_ddr4/hw/boards/ML605/project_1/project_1.runs/impl_1/softMC_top.ltx} [get_hw_devices xcvu095_0]
set_property FULL_PROBES.FILE {C:/Users/yongj/Desktop/softmc_ddr4/hw/boards/ML605/project_1/project_1.runs/impl_1/softMC_top.ltx} [get_hw_devices xcvu095_0]
current_hw_device [get_hw_devices xcvu095_0]
refresh_hw_device [lindex [get_hw_devices xcvu095_0] 0]
set_property PROBES.FILE {C:/Users/yongj/Desktop/softmc_ddr4/hw/boards/ML605/project_1/project_1.runs/impl_1/softMC_top.ltx} [get_hw_devices xcvu095_0]
set_property FULL_PROBES.FILE {C:/Users/yongj/Desktop/softmc_ddr4/hw/boards/ML605/project_1/project_1.runs/impl_1/softMC_top.ltx} [get_hw_devices xcvu095_0]
set_property PROGRAM.FILE {C:/Users/yongj/Desktop/softmc_ddr4/hw/boards/ML605/project_1/project_1.runs/impl_1/softMC_top.bit} [get_hw_devices xcvu095_0]
program_hw_devices [get_hw_devices xcvu095_0]
refresh_hw_device [lindex [get_hw_devices xcvu095_0] 0]
close_hw_manager
open_run impl_1
close_design
set_property -dict [list CONFIG.C0.DDR4_TimePeriod {1250} CONFIG.C0.DDR4_InputClockPeriod {10000} CONFIG.C0.DDR4_Specify_MandD {false} CONFIG.C0.DDR4_CLKOUT0_DIVIDE {7} CONFIG.C0.DDR4_CasLatency {11} CONFIG.C0.DDR4_CasWriteLatency {11}] [get_ips ddr4_0]
generate_target all [get_files  C:/Users/yongj/Desktop/softmc_ddr4/hw/boards/ML605/project_1/project_1.srcs/sources_1/ip/ddr4_0_2/ddr4_0.xci]
catch { config_ip_cache -export [get_ips -all ddr4_0] }
export_ip_user_files -of_objects [get_files C:/Users/yongj/Desktop/softmc_ddr4/hw/boards/ML605/project_1/project_1.srcs/sources_1/ip/ddr4_0_2/ddr4_0.xci] -no_script -sync -force -quiet
reset_run ddr4_0_synth_1
launch_runs ddr4_0_synth_1 -jobs 8
wait_on_run ddr4_0_synth_1
export_simulation -of_objects [get_files C:/Users/yongj/Desktop/softmc_ddr4/hw/boards/ML605/project_1/project_1.srcs/sources_1/ip/ddr4_0_2/ddr4_0.xci] -directory C:/Users/yongj/Desktop/softmc_ddr4/hw/boards/ML605/project_1/project_1.ip_user_files/sim_scripts -ip_user_files_dir C:/Users/yongj/Desktop/softmc_ddr4/hw/boards/ML605/project_1/project_1.ip_user_files -ipstatic_source_dir C:/Users/yongj/Desktop/softmc_ddr4/hw/boards/ML605/project_1/project_1.ip_user_files/ipstatic -lib_map_path [list {modelsim=C:/Users/yongj/Desktop/softmc_ddr4/hw/boards/ML605/project_1/project_1.cache/compile_simlib/modelsim} {questa=C:/Users/yongj/Desktop/softmc_ddr4/hw/boards/ML605/project_1/project_1.cache/compile_simlib/questa} {riviera=C:/Users/yongj/Desktop/softmc_ddr4/hw/boards/ML605/project_1/project_1.cache/compile_simlib/riviera} {activehdl=C:/Users/yongj/Desktop/softmc_ddr4/hw/boards/ML605/project_1/project_1.cache/compile_simlib/activehdl}] -use_ip_compiled_libs -force -quiet
reset_run ddr4_0_synth_1
reset_run synth_1
launch_runs impl_1 -to_step write_bitstream -jobs 8
wait_on_run impl_1
open_hw_manager
connect_hw_server -allow_non_jtag
open_hw_target
set_property PROGRAM.FILE {C:/Users/yongj/Desktop/softmc_ddr4/hw/boards/ML605/project_1/project_1.runs/impl_1/softMC_top.bit} [get_hw_devices xcvu095_0]
set_property PROBES.FILE {C:/Users/yongj/Desktop/softmc_ddr4/hw/boards/ML605/project_1/project_1.runs/impl_1/softMC_top.ltx} [get_hw_devices xcvu095_0]
set_property FULL_PROBES.FILE {C:/Users/yongj/Desktop/softmc_ddr4/hw/boards/ML605/project_1/project_1.runs/impl_1/softMC_top.ltx} [get_hw_devices xcvu095_0]
current_hw_device [get_hw_devices xcvu095_0]
refresh_hw_device [lindex [get_hw_devices xcvu095_0] 0]
set_property PROBES.FILE {C:/Users/yongj/Desktop/softmc_ddr4/hw/boards/ML605/project_1/project_1.runs/impl_1/softMC_top.ltx} [get_hw_devices xcvu095_0]
set_property FULL_PROBES.FILE {C:/Users/yongj/Desktop/softmc_ddr4/hw/boards/ML605/project_1/project_1.runs/impl_1/softMC_top.ltx} [get_hw_devices xcvu095_0]
set_property PROGRAM.FILE {C:/Users/yongj/Desktop/softmc_ddr4/hw/boards/ML605/project_1/project_1.runs/impl_1/softMC_top.bit} [get_hw_devices xcvu095_0]
program_hw_devices [get_hw_devices xcvu095_0]
refresh_hw_device [lindex [get_hw_devices xcvu095_0] 0]
close_hw_manager
open_hw_manager
connect_hw_server -allow_non_jtag
open_hw_target
set_property PROGRAM.FILE {C:/Users/yongj/Desktop/softmc_ddr4/hw/boards/ML605/project_1/project_1.runs/impl_1/softMC_top.bit} [get_hw_devices xcvu095_0]
set_property PROBES.FILE {C:/Users/yongj/Desktop/softmc_ddr4/hw/boards/ML605/project_1/project_1.runs/impl_1/softMC_top.ltx} [get_hw_devices xcvu095_0]
set_property FULL_PROBES.FILE {C:/Users/yongj/Desktop/softmc_ddr4/hw/boards/ML605/project_1/project_1.runs/impl_1/softMC_top.ltx} [get_hw_devices xcvu095_0]
current_hw_device [get_hw_devices xcvu095_0]
refresh_hw_device [lindex [get_hw_devices xcvu095_0] 0]
set_property PROBES.FILE {C:/Users/yongj/Desktop/softmc_ddr4/hw/boards/ML605/project_1/project_1.runs/impl_1/softMC_top.ltx} [get_hw_devices xcvu095_0]
set_property FULL_PROBES.FILE {C:/Users/yongj/Desktop/softmc_ddr4/hw/boards/ML605/project_1/project_1.runs/impl_1/softMC_top.ltx} [get_hw_devices xcvu095_0]
set_property PROGRAM.FILE {C:/Users/yongj/Desktop/softmc_ddr4/hw/boards/ML605/project_1/project_1.runs/impl_1/softMC_top.bit} [get_hw_devices xcvu095_0]
program_hw_devices [get_hw_devices xcvu095_0]
refresh_hw_device [lindex [get_hw_devices xcvu095_0] 0]
close_hw_manager
open_run synth_1 -name synth_1
reset_run synth_1
launch_runs impl_1 -to_step write_bitstream -jobs 8
wait_on_run impl_1
close_design
open_hw_manager
connect_hw_server -allow_non_jtag
open_hw_target
set_property PROGRAM.FILE {C:/Users/yongj/Desktop/softmc_ddr4/hw/boards/ML605/project_1/project_1.runs/impl_1/softMC_top.bit} [get_hw_devices xcvu095_0]
set_property PROBES.FILE {C:/Users/yongj/Desktop/softmc_ddr4/hw/boards/ML605/project_1/project_1.runs/impl_1/softMC_top.ltx} [get_hw_devices xcvu095_0]
set_property FULL_PROBES.FILE {C:/Users/yongj/Desktop/softmc_ddr4/hw/boards/ML605/project_1/project_1.runs/impl_1/softMC_top.ltx} [get_hw_devices xcvu095_0]
current_hw_device [get_hw_devices xcvu095_0]
refresh_hw_device [lindex [get_hw_devices xcvu095_0] 0]
set_property PROBES.FILE {C:/Users/yongj/Desktop/softmc_ddr4/hw/boards/ML605/project_1/project_1.runs/impl_1/softMC_top.ltx} [get_hw_devices xcvu095_0]
set_property FULL_PROBES.FILE {C:/Users/yongj/Desktop/softmc_ddr4/hw/boards/ML605/project_1/project_1.runs/impl_1/softMC_top.ltx} [get_hw_devices xcvu095_0]
set_property PROGRAM.FILE {C:/Users/yongj/Desktop/softmc_ddr4/hw/boards/ML605/project_1/project_1.runs/impl_1/softMC_top.bit} [get_hw_devices xcvu095_0]
program_hw_devices [get_hw_devices xcvu095_0]
refresh_hw_device [lindex [get_hw_devices xcvu095_0] 0]
reset_run synth_1
launch_runs impl_1 -to_step write_bitstream -jobs 8
wait_on_run impl_1
reset_run synth_1
launch_runs impl_1 -to_step write_bitstream -jobs 8
wait_on_run impl_1
reset_run synth_1
launch_runs impl_1 -to_step write_bitstream -jobs 8
wait_on_run impl_1
set_property PROBES.FILE {C:/Users/yongj/Desktop/softmc_ddr4/hw/boards/ML605/project_1/project_1.runs/impl_1/softMC_top.ltx} [get_hw_devices xcvu095_0]
set_property FULL_PROBES.FILE {C:/Users/yongj/Desktop/softmc_ddr4/hw/boards/ML605/project_1/project_1.runs/impl_1/softMC_top.ltx} [get_hw_devices xcvu095_0]
set_property PROGRAM.FILE {C:/Users/yongj/Desktop/softmc_ddr4/hw/boards/ML605/project_1/project_1.runs/impl_1/softMC_top.bit} [get_hw_devices xcvu095_0]
program_hw_devices [get_hw_devices xcvu095_0]
refresh_hw_device [lindex [get_hw_devices xcvu095_0] 0]
