#-----------------------------------------------------------
# Webtalk v2020.2 (64-bit)
# SW Build 3064766 on Wed Nov 18 09:12:45 MST 2020
# IP Build 3064653 on Wed Nov 18 14:17:31 MST 2020
# Start of session at: Wed Jun 16 15:39:16 2021
# Process ID: 26364
# Current directory: c:/Users/yongj/Desktop/SoftMC-master_schematic/SoftMC-master/hw/boards/ML605/ddr4_0_ex/ddr4_0_ex.sim/sim_1/behav/xsim
# Command line: wbtcv.exe -mode batch -source c:/Users/yongj/Desktop/SoftMC-master_schematic/SoftMC-master/hw/boards/ML605/ddr4_0_ex/ddr4_0_ex.sim/sim_1/behav/xsim/xsim.dir/sim_tb_top_behav/webtalk/xsim_webtalk.tcl -notrace
# Log file: c:/Users/yongj/Desktop/SoftMC-master_schematic/SoftMC-master/hw/boards/ML605/ddr4_0_ex/ddr4_0_ex.sim/sim_1/behav/xsim/webtalk.log
# Journal file: c:/Users/yongj/Desktop/SoftMC-master_schematic/SoftMC-master/hw/boards/ML605/ddr4_0_ex/ddr4_0_ex.sim/sim_1/behav/xsim\webtalk.jou
#-----------------------------------------------------------
source c:/Users/yongj/Desktop/SoftMC-master_schematic/SoftMC-master/hw/boards/ML605/ddr4_0_ex/ddr4_0_ex.sim/sim_1/behav/xsim/xsim.dir/sim_tb_top_behav/webtalk/xsim_webtalk.tcl -notrace
