Copyright 1986-2020 Xilinx, Inc. All Rights Reserved.
---------------------------------------------------------------------------------------------------------------------
| Tool Version : Vivado v.2020.2 (win64) Build 3064766 Wed Nov 18 09:12:45 MST 2020
| Date         : Thu Jul 29 18:26:15 2021
| Host         : DESKTOP-ILOVGO9 running 64-bit major release  (build 9200)
| Command      : report_drc -file softMC_top_drc_opted.rpt -pb softMC_top_drc_opted.pb -rpx softMC_top_drc_opted.rpx
| Design       : softMC_top
| Device       : xcvu095-ffvb2104-2-e
| Speed File   : -2
| Design State : Synthesized
---------------------------------------------------------------------------------------------------------------------

Report DRC

Table of Contents
-----------------
1. REPORT SUMMARY
2. REPORT DETAILS

1. REPORT SUMMARY
-----------------
            Netlist: netlist
          Floorplan: design_1
      Design limits: <entire design considered>
           Ruledeck: default
             Max violations: <unlimited>
             Violations found: 1
+-------------+----------+------------------------------------+------------+
| Rule        | Severity | Description                        | Violations |
+-------------+----------+------------------------------------+------------+
| PORTPROP-10 | Advisory | Incorrect IOStandard on MCAP reset | 1          |
+-------------+----------+------------------------------------+------------+

2. REPORT DETAILS
-----------------
PORTPROP-10#1 Advisory
Incorrect IOStandard on MCAP reset  
The PCI Express reset pin sys_reset_n is driven by an IOB with a 1.2V IO standard.  This is incompatible with the 3.3V signal that is generated by the reset pin of the PCI Express edge connector.  Your  design will require an external level shifter to convert the incoming 3.3V reset signal from the edge connector to the 1.2V at the FPGA pin.
Related violations: <none>


