Copyright 1986-2020 Xilinx, Inc. All Rights Reserved.
-------------------------------------------------------------------------------------------------------
| Tool Version : Vivado v.2020.2 (win64) Build 3064766 Wed Nov 18 09:12:45 MST 2020
| Date         : Tue Jun 22 14:34:15 2021
| Host         : DESKTOP-ILOVGO9 running 64-bit major release  (build 9200)
| Command      : report_utilization -file ddr4_0_utilization_synth.rpt -pb ddr4_0_utilization_synth.pb
| Design       : ddr4_0
| Device       : xcvu095ffva2104-3
| Design State : Synthesized
-------------------------------------------------------------------------------------------------------

Utilization Design Information

Table of Contents
-----------------
1. CLB Logic
1.1 Summary of Registers by Type
2. BLOCKRAM
3. ARITHMETIC
4. I/O
5. CLOCK
6. ADVANCED
7. CONFIGURATION
8. Primitives
9. Black Boxes
10. Instantiated Netlists

1. CLB Logic
------------

+----------------------------+-------+-------+-----------+-------+
|          Site Type         |  Used | Fixed | Available | Util% |
+----------------------------+-------+-------+-----------+-------+
| CLB LUTs*                  |  7550 |     0 |    537600 |  1.40 |
|   LUT as Logic             |  7401 |     0 |    537600 |  1.38 |
|   LUT as Memory            |   149 |     0 |     76800 |  0.19 |
|     LUT as Distributed RAM |    64 |     0 |           |       |
|     LUT as Shift Register  |    85 |     0 |           |       |
| CLB Registers              | 11360 |     0 |   1075200 |  1.06 |
|   Register as Flip Flop    | 11359 |     0 |   1075200 |  1.06 |
|   Register as Latch        |     0 |     0 |   1075200 |  0.00 |
|   Register as AND/OR       |     1 |     0 |   1075200 | <0.01 |
| CARRY8                     |    38 |     0 |     67200 |  0.06 |
| F7 Muxes                   |   327 |     0 |    268800 |  0.12 |
| F8 Muxes                   |     0 |     0 |    134400 |  0.00 |
| F9 Muxes                   |     0 |     0 |     67200 |  0.00 |
+----------------------------+-------+-------+-----------+-------+
* Warning! The Final LUT count, after physical optimizations and full implementation, is typically lower. Run opt_design after synthesis, if not already completed, for a more realistic count.


1.1 Summary of Registers by Type
--------------------------------

+-------+--------------+-------------+--------------+
| Total | Clock Enable | Synchronous | Asynchronous |
+-------+--------------+-------------+--------------+
| 1     |            _ |           - |            - |
| 0     |            _ |           - |          Set |
| 0     |            _ |           - |        Reset |
| 0     |            _ |         Set |            - |
| 0     |            _ |       Reset |            - |
| 0     |          Yes |           - |            - |
| 2     |          Yes |           - |          Set |
| 0     |          Yes |           - |        Reset |
| 442   |          Yes |         Set |            - |
| 10915 |          Yes |       Reset |            - |
+-------+--------------+-------------+--------------+


2. BLOCKRAM
-----------

+-------------------+------+-------+-----------+-------+
|     Site Type     | Used | Fixed | Available | Util% |
+-------------------+------+-------+-----------+-------+
| Block RAM Tile    | 25.5 |     0 |      1728 |  1.48 |
|   RAMB36/FIFO*    |   25 |     0 |      1728 |  1.45 |
|     RAMB36E2 only |   25 |       |           |       |
|   RAMB18          |    1 |     0 |      3456 |  0.03 |
|     RAMB18E2 only |    1 |       |           |       |
+-------------------+------+-------+-----------+-------+
* Note: Each Block RAM Tile only has one FIFO logic available and therefore can accommodate only one FIFO36E2 or one FIFO18E2. However, if a FIFO18E2 occupies a Block RAM Tile, that tile can still accommodate a RAMB18E2


3. ARITHMETIC
-------------

+----------------+------+-------+-----------+-------+
|    Site Type   | Used | Fixed | Available | Util% |
+----------------+------+-------+-----------+-------+
| DSPs           |    3 |     0 |       768 |  0.39 |
|   DSP48E2 only |    3 |       |           |       |
+----------------+------+-------+-----------+-------+


4. I/O
------

+------------+------+-------+-----------+-------+
|  Site Type | Used | Fixed | Available | Util% |
+------------+------+-------+-----------+-------+
| Bonded IOB |  118 |     0 |       832 | 14.18 |
+------------+------+-------+-----------+-------+


5. CLOCK
--------

+----------------------+------+-------+-----------+-------+
|       Site Type      | Used | Fixed | Available | Util% |
+----------------------+------+-------+-----------+-------+
| GLOBAL CLOCK BUFFERs |    9 |     0 |       960 |  0.94 |
|   BUFGCE             |    9 |     0 |       384 |  2.34 |
|   BUFGCE_DIV         |    0 |     0 |        64 |  0.00 |
|   BUFG_GT            |    0 |     0 |       384 |  0.00 |
|   BUFGCTRL*          |    0 |     0 |       128 |  0.00 |
| PLLE3_ADV            |    3 |     0 |        32 |  9.38 |
| MMCME3_ADV           |    1 |     0 |        16 |  6.25 |
+----------------------+------+-------+-----------+-------+
* Note: Each used BUFGCTRL counts as two GLOBAL CLOCK BUFFERs. This table does not include global clocking resources, only buffer cell usage. See the Clock Utilization Report (report_clock_utilization) for detailed accounting of global clocking resource availability.


6. ADVANCED
-----------

+-----------------+------+-------+-----------+-------+
|    Site Type    | Used | Fixed | Available | Util% |
+-----------------+------+-------+-----------+-------+
| CMAC            |    0 |     0 |         4 |  0.00 |
| GTHE3_CHANNEL   |    0 |     0 |        28 |  0.00 |
| GTHE3_COMMON    |    0 |     0 |         7 |  0.00 |
| GTYE3_CHANNEL   |    0 |     0 |        24 |  0.00 |
| GTYE3_COMMON    |    0 |     0 |         6 |  0.00 |
| IBUFDS_GTE3     |    0 |     0 |        26 |  0.00 |
| ILKN            |    0 |     0 |         6 |  0.00 |
| OBUFDS_GTE3     |    0 |     0 |        26 |  0.00 |
| OBUFDS_GTE3_ADV |    0 |     0 |        26 |  0.00 |
| PCIE_3_1        |    0 |     0 |         4 |  0.00 |
| SYSMONE1        |    0 |     0 |         1 |  0.00 |
+-----------------+------+-------+-----------+-------+


7. CONFIGURATION
----------------

+-------------+------+-------+-----------+-------+
|  Site Type  | Used | Fixed | Available | Util% |
+-------------+------+-------+-----------+-------+
| BSCANE2     |    0 |     0 |         4 |  0.00 |
| DNA_PORTE2  |    0 |     0 |         1 |  0.00 |
| EFUSE_USR   |    0 |     0 |         1 |  0.00 |
| FRAME_ECCE3 |    0 |     0 |         1 |  0.00 |
| ICAPE3      |    0 |     0 |         2 |  0.00 |
| MASTER_JTAG |    0 |     0 |         1 |  0.00 |
| STARTUPE3   |    0 |     0 |         1 |  0.00 |
+-------------+------+-------+-----------+-------+


8. Primitives
-------------

+------------------+-------+---------------------+
|     Ref Name     |  Used | Functional Category |
+------------------+-------+---------------------+
| FDRE             | 10915 |            Register |
| LUT6             |  3342 |                 CLB |
| LUT4             |  2428 |                 CLB |
| LUT3             |  1849 |                 CLB |
| LUT5             |   847 |                 CLB |
| LUT2             |   728 |                 CLB |
| FDSE             |   442 |            Register |
| MUXF7            |   327 |                 CLB |
| LUT1             |   167 |                 CLB |
| RXTX_BITSLICE    |   106 |                 I/O |
| RAMD32           |    96 |                 CLB |
| SRL16E           |    84 |                 CLB |
| IBUFCTRL         |    81 |              Others |
| OBUFT_DCIEN      |    72 |                 I/O |
| INBUF            |    72 |                 I/O |
| CARRY8           |    38 |                 CLB |
| RAMS32           |    32 |                 CLB |
| OBUF             |    28 |                 I/O |
| RAMB36E2         |    25 |            BLOCKRAM |
| TX_BITSLICE_TRI  |    21 |                 I/O |
| BITSLICE_CONTROL |    21 |                 I/O |
| OBUFT            |    16 |                 I/O |
| RIU_OR           |    11 |                 I/O |
| INV              |     9 |                 CLB |
| DIFFINBUF        |     9 |                 I/O |
| BUFGCE           |     9 |               Clock |
| HPIO_VREF        |     8 |                 I/O |
| PLLE3_ADV        |     3 |               Clock |
| DSP48E2          |     3 |          Arithmetic |
| FDPE             |     2 |            Register |
| SRLC32E          |     1 |                 CLB |
| RAMB18E2         |     1 |            BLOCKRAM |
| MMCME3_ADV       |     1 |               Clock |
| AND2B1L          |     1 |              Others |
+------------------+-------+---------------------+


9. Black Boxes
--------------

+----------+------+
| Ref Name | Used |
+----------+------+


10. Instantiated Netlists
-------------------------

+----------+------+
| Ref Name | Used |
+----------+------+


